==========================================
SLURM_CLUSTER_NAME = paramprabha
SLURM_JOB_ACCOUNT = cdac
SLURM_JOB_ID = 546349
SLURM_JOB_NAME = FCI_Anthracene_B3LYP
SLURM_JOB_NODELIST = rpcn184
SLURM_JOB_USER = samritm
SLURM_JOB_UID = 52002
SLURM_JOB_PARTITION = cpu
SLURM_TASK_PID = 1689043
SLURM_SUBMIT_DIR = /home/samritm/tejjan/new/UCCSD/B3LYP/st9sp3
SLURM_CPUS_ON_NODE = 48
SLURM_NTASKS = 1
SLURM_TASK_PID = 1689043
==========================================
SLURM_SUBMIT_DIR = /home/samritm/tejjan/new/UCCSD/B3LYP/st9sp3
SLURM_CPUS_ON_NODE = 48
SLURM_NTASKS = 1
Job started at: Thu Jun 11 22:21:00 IST 2026
Running on node: rpcn184
Python path:
/home/samritm/tejjan/envs/cpu_env/bin/python
/home/samritm/tejjan/envs/cpu_env/bin/python
Model name:          Intel(R) Xeon(R) Gold 6240R CPU @ 2.40GHz

=== Classical DFT Reference Energy (PySCF) ===
Total DFT Energy: -539.51923280 Ha
==============================================

[Damping] Linear mix with alpha=0.530
[Iteration 1] E = -539.73320725 Ha
[Damping] Linear mix with alpha=0.433
[Iteration 2] E = -539.67733812 Ha | ΔE = 5.587e-02 | Δρ = 5.230e-01
[Damping] Linear mix with alpha=0.375
[Iteration 3] E = -539.65207746 Ha | ΔE = 2.526e-02 | Δρ = 1.073e-01
[Damping] Linear mix with alpha=0.335
[Iteration 4] E = -539.65078034 Ha | ΔE = 1.297e-03 | Δρ = 1.980e-02
[Damping] Linear mix with alpha=0.306
[Iteration 5] E = -539.65072799 Ha | ΔE = 5.235e-05 | Δρ = 5.133e-03
[Damping] Linear mix with alpha=0.283
[Iteration 6] E = -539.65072379 Ha | ΔE = 4.202e-06 | Δρ = 2.403e-03
[Damping] Linear mix with alpha=0.265
[Iteration 7] E = -539.65072277 Ha | ΔE = 1.015e-06 | Δρ = 1.268e-03
[DIIS] Extrapolating density (coeffs: [-0.42  1.9  -0.48])
[Iteration 8] E = -539.65072247 Ha | ΔE = 3.071e-07 | Δρ = 8.811e-04
  -> [Info] Energy converged, but Density (Δρ = 8.811e-04) is still sloshing. Continuing...
[DIIS] Extrapolating density (coeffs: [0.12 0.76 0.12])
[Iteration 9] E = -539.65072266 Ha | ΔE = 1.943e-07 | Δρ = 6.197e-04
  -> [Info] Energy converged, but Density (Δρ = 6.197e-04) is still sloshing. Continuing...
[DIIS] Extrapolating density (coeffs: [0.53 0.4  0.07])
[Iteration 10] E = -539.65072252 Ha | ΔE = 1.445e-07 | Δρ = 1.063e-04
  -> [Info] Energy converged, but Density (Δρ = 1.063e-04) is still sloshing. Continuing...
[DIIS] Extrapolating density (coeffs: [ 0.46  0.6  -0.06])
[Iteration 11] E = -539.65072254 Ha | ΔE = 2.230e-08 | Δρ = 1.727e-04
  -> [Info] Energy converged, but Density (Δρ = 1.727e-04) is still sloshing. Continuing...
[DIIS] Extrapolating density (coeffs: [0.48 0.49 0.04])
[Iteration 12] E = -539.65072258 Ha | ΔE = 3.836e-08 | Δρ = 2.182e-04
  -> [Info] Energy converged, but Density (Δρ = 2.182e-04) is still sloshing. Continuing...
[DIIS] Extrapolating density (coeffs: [ 0.53  0.47 -0.  ])
[Iteration 13] E = -539.65072253 Ha | ΔE = 4.804e-08 | Δρ = 1.256e-04
  -> [Info] Energy converged, but Density (Δρ = 1.256e-04) is still sloshing. Continuing...
[DIIS] Extrapolating density (coeffs: [ 0.48  0.53 -0.01])
[Iteration 14] E = -539.65072256 Ha | ΔE = 2.713e-08 | Δρ = 2.369e-05
[Converged] Both Energy (ΔE < 1e-06) and Density (Δρ < 0.0001) criteria met!

=== HOMO-LUMO Analysis ===
[Classical DFT] HOMO = -0.191954 Ha, LUMO = -0.059907 Ha, Gap = 0.132047 Ha
[Embedding] HOMO = -0.184917 Ha, LUMO = -0.070815 Ha, Gap = 0.114102 Ha

Attempting to write HOMO/LUMO cube files and analyze PR...
[Saved] FCI_Anthracene_B3LYP_HOMO_CAS_6e_6o.cube, FCI_Anthracene_B3LYP_LUMO_CAS_6e_6o.cube

[Participation Ratio] HOMO = 18.55 (Effective orbitals participating)
[Participation Ratio] LUMO = 19.49 (Effective orbitals participating)

=== DFT Embedding + VQE Results ===
=== GROUND STATE ENERGY ===
 
* Electronic ground state energy (Hartree): -1304.738880028918
  - computed part:      -4.456044965735
  - ActiveSpaceTransformer extracted energy part: -1300.282835063183
~ Nuclear repulsion energy (Hartree): 765.088157472122
> Total ground state energy (Hartree): -539.650722556796
 
=== MEASURED OBSERVABLES ===
 
  0:  # Particles: 6.000 S: 0.000 S^2: 0.000 M: 0.000

=== Quantum Eigenstate PR Analysis (FCI) ===
[Exact Eigenstate PR] 3.3113 (Effective configurations participating)
Top contributing configurations (>1% probability):
  |000010111101> : Probability = 52.56%
  |000110111001> : Probability = 14.05%
  |001100110011> : Probability = 3.00%
  |000101100001> : Probability = 2.88%
  |011110111010> : Probability = 2.88%
  |011101100010> : Probability = 2.72%
  |001110111011> : Probability = 2.58%
  |000100110001> : Probability = 2.58%
  |001000110111> : Probability = 1.42%
  |001101100011> : Probability = 1.20%
  |011100110010> : Probability = 1.20%
  |001000111101> : Probability = 1.16%
  |000010110111> : Probability = 1.16%
  |011001100110> : Probability = 1.12%
  |011101111001> : Probability = 1.03%
  |000110100010> : Probability = 1.03%

================ PROFILING SUMMARY ================
DFT Reference time            : 17.66 s
DFT (Energy Evaluator) time   : 45.42 s
Classical Embedding Overhead  : 927.07 s
Active Space (Exact/FCI) time : 35.75 s
--------------------------------------------------
Total measured time           : 1025.90 s

Memory snapshots (RSS, MB):
DFT_reference_start_MB        :   142.23 MB
DFT_reference_end_MB          :  2916.57 MB
DFT_start_MB                  :  5500.83 MB
DFT_end_MB                    :  5500.83 MB
Embedding_start_MB            :  5500.83 MB
Embedding_end_MB              :  5500.83 MB
Active Space_start_MB         :  5500.83 MB
Active Space_end_MB           :  5501.11 MB
==================================================
Job finished at: Thu Jun 11 22:39:29 IST 2026
