==========================================
SLURM_CLUSTER_NAME = paramprabha
SLURM_JOB_ACCOUNT = cdac
SLURM_JOB_ID = 546401
SLURM_JOB_NAME = FCI_Anthracene_tunedmu33
SLURM_JOB_NODELIST = rpcn448
SLURM_JOB_USER = samritm
SLURM_JOB_UID = 52002
SLURM_JOB_PARTITION = cpu
SLURM_TASK_PID = 888517
SLURM_SUBMIT_DIR = /home/samritm/tejjan/new/UCCSD/tuned/mu33/st9sp3
SLURM_CPUS_ON_NODE = 48
SLURM_NTASKS = 1
SLURM_TASK_PID = 888517
==========================================
SLURM_SUBMIT_DIR = /home/samritm/tejjan/new/UCCSD/tuned/mu33/st9sp3
SLURM_CPUS_ON_NODE = 48
SLURM_NTASKS = 1
Job started at: Thu Jun 11 22:42:32 IST 2026
Running on node: rpcn448
Python path:
/home/samritm/tejjan/envs/cpu_env/bin/python
/home/samritm/tejjan/envs/cpu_env/bin/python
Model name:          Intel(R) Xeon(R) Gold 6240R CPU @ 2.40GHz

>>> CONFIRMED: Using tuned functional parameters in solver loop.
>>> Custom XC String: 0.19*SR_HF(0.33) + 0.28*LR_HF(0.33) + 0.72*B88 + 0.09*BECKESRX, 0.81*LYPC + 0.19*VWN5C
converged SCF energy = -539.668458942267

=== Classical DFT Reference Energy (PySCF) ===
Total DFT Energy: -539.66845894 Ha
==============================================

[Damping] Linear mix with alpha=0.530
[Iteration 1] E = -539.84749624 Ha
[Damping] Linear mix with alpha=0.433
[Iteration 2] E = -539.80290734 Ha | ΔE = 4.459e-02 | Δρ = 4.194e-01
[Damping] Linear mix with alpha=0.375
[Iteration 3] E = -539.78651944 Ha | ΔE = 1.639e-02 | Δρ = 5.774e-02
[Damping] Linear mix with alpha=0.335
[Iteration 4] E = -539.78613727 Ha | ΔE = 3.822e-04 | Δρ = 1.451e-02
[Damping] Linear mix with alpha=0.306
[Iteration 5] E = -539.78611030 Ha | ΔE = 2.697e-05 | Δρ = 6.641e-03
[Damping] Linear mix with alpha=0.283
[Iteration 6] E = -539.78610387 Ha | ΔE = 6.426e-06 | Δρ = 3.509e-03
[Damping] Linear mix with alpha=0.265
[Iteration 7] E = -539.78610189 Ha | ΔE = 1.979e-06 | Δρ = 2.017e-03
[DIIS] Extrapolating density (coeffs: [-0.42  1.9  -0.48])
[Iteration 8] E = -539.78610118 Ha | ΔE = 7.093e-07 | Δρ = 1.513e-03
  -> [Info] Energy converged, but Density (Δρ = 1.513e-03) is still sloshing. Continuing...
[DIIS] Extrapolating density (coeffs: [0.14 0.74 0.12])
[Iteration 9] E = -539.78610168 Ha | ΔE = 4.998e-07 | Δρ = 1.043e-03
  -> [Info] Energy converged, but Density (Δρ = 1.043e-03) is still sloshing. Continuing...
[DIIS] Extrapolating density (coeffs: [0.53 0.4  0.07])
[Iteration 10] E = -539.78610132 Ha | ΔE = 3.634e-07 | Δρ = 1.703e-04
  -> [Info] Energy converged, but Density (Δρ = 1.703e-04) is still sloshing. Continuing...
[DIIS] Extrapolating density (coeffs: [ 0.46  0.6  -0.07])
[Iteration 11] E = -539.78610137 Ha | ΔE = 5.383e-08 | Δρ = 3.025e-04
  -> [Info] Energy converged, but Density (Δρ = 3.025e-04) is still sloshing. Continuing...
[DIIS] Extrapolating density (coeffs: [0.48 0.49 0.04])
[Iteration 12] E = -539.78610147 Ha | ΔE = 1.008e-07 | Δρ = 3.730e-04
  -> [Info] Energy converged, but Density (Δρ = 3.730e-04) is still sloshing. Continuing...
[DIIS] Extrapolating density (coeffs: [ 0.53  0.47 -0.  ])
[Iteration 13] E = -539.78610135 Ha | ΔE = 1.234e-07 | Δρ = 2.123e-04
  -> [Info] Energy converged, but Density (Δρ = 2.123e-04) is still sloshing. Continuing...
[DIIS] Extrapolating density (coeffs: [ 0.48  0.53 -0.01])
[Iteration 14] E = -539.78610142 Ha | ΔE = 6.896e-08 | Δρ = 3.660e-05
[Converged] Both Energy (ΔE < 1e-06) and Density (Δρ < 0.0001) criteria met!

=== HOMO-LUMO Analysis ===
[Classical DFT] HOMO = -0.196940 Ha, LUMO = -0.050002 Ha, Gap = 0.146939 Ha
[Embedding] HOMO = -0.187085 Ha, LUMO = -0.063426 Ha, Gap = 0.123658 Ha

Attempting to write HOMO/LUMO cube files and analyze PR...
[Saved] FCI_Anthracene_tuned_HOMO_CAS_6e_6o.cube, FCI_Anthracene_tuned_LUMO_CAS_6e_6o.cube

[Participation Ratio] HOMO = 18.53 (Effective orbitals participating)
[Participation Ratio] LUMO = 19.48 (Effective orbitals participating)

=== DFT Embedding + VQE Results ===
=== GROUND STATE ENERGY ===
 
* Electronic ground state energy (Hartree): -1304.874258890579
  - computed part:      -4.457704841512
  - ActiveSpaceTransformer extracted energy part: -1300.416554049067
~ Nuclear repulsion energy (Hartree): 765.088157472122
> Total ground state energy (Hartree): -539.786101418457
 
=== MEASURED OBSERVABLES ===
 
  0:  # Particles: 6.000 S: 0.000 S^2: 0.000 M: 0.000

=== Quantum Eigenstate PR Analysis (FCI) ===
[Exact Eigenstate PR] 2.9136 (Effective configurations participating)
Top contributing configurations (>1% probability):
  |000010111101> : Probability = 56.59%
  |000110111001> : Probability = 13.47%
  |011110111010> : Probability = 2.65%
  |000101100001> : Probability = 2.65%
  |001100110011> : Probability = 2.64%
  |011101100010> : Probability = 2.39%
  |001110111011> : Probability = 2.34%
  |000100110001> : Probability = 2.34%
  |001000110111> : Probability = 1.19%
  |000010110111> : Probability = 1.13%
  |001000111101> : Probability = 1.13%
  |011100110010> : Probability = 1.06%
  |001101100011> : Probability = 1.06%

================ PROFILING SUMMARY ================
DFT Reference time            : 43.50 s
DFT (Energy Evaluator) time   : 81.88 s
Classical Embedding Overhead  : 987.55 s
Active Space (Exact/FCI) time : 36.28 s
--------------------------------------------------
Total measured time           : 1149.19 s

Memory snapshots (RSS, MB):
DFT_reference_start_MB        :   144.27 MB
DFT_reference_end_MB          :  2938.78 MB
DFT_start_MB                  :  5456.54 MB
DFT_end_MB                    :  5456.59 MB
Embedding_start_MB            :  5456.59 MB
Embedding_end_MB              :  5456.59 MB
Active Space_start_MB         :  5456.59 MB
Active Space_end_MB           :  5456.82 MB
==================================================
Job finished at: Thu Jun 11 23:03:10 IST 2026
