/home/samritm/tejjan/envs/pl_gpu_env/lib/python3.10/site-packages/gpu4pyscf/lib/cutensor.py:154: UserWarning: using cupy as the tensor contraction engine.
  warnings.warn(f'using {contract_engine} as the tensor contraction engine.')
/home/samritm/tejjan/PL_Pyrene_v2.py:607: DeprecationWarning: Estimator has been deprecated as of Aer 0.15, please use EstimatorV2 instead.
  _main()
/home/samritm/tejjan/PL_Pyrene_v2.py:607: DeprecationWarning: Option approximation=False is deprecated as of qiskit-aer 0.13. It will be removed no earlier than 3 months after the release date. Instead, use BackendEstimator from qiskit.primitives.
  _main()
/home/samritm/tejjan/envs/pl_gpu_env/lib/python3.10/site-packages/pennylane_lightning/lightning_base/_serialize.py:359: ComplexWarning: Casting complex values to real discards the imaginary part
  coeffs = np.array(coeffs).astype(self.rtype)
/home/samritm/tejjan/PL_Pyrene_v2.py:553: DeprecationWarning: The class ``qiskit.primitives.estimator.Estimator`` is deprecated as of qiskit 1.2. It will be removed no earlier than 3 months after the release date. All implementations of the `BaseEstimatorV1` interface have been deprecated in favor of their V2 counterparts. The V2 alternative for the `Estimator` class is `StatevectorEstimator`.
  estimator=ReferenceEstimator(),
/home/samritm/tejjan/envs/pl_gpu_env/lib/python3.10/site-packages/pennylane_lightning/lightning_base/_serialize.py:359: ComplexWarning: Casting complex values to real discards the imaginary part
  coeffs = np.array(coeffs).astype(self.rtype)
/home/samritm/tejjan/PL_Pyrene_v2.py:553: DeprecationWarning: The class ``qiskit.primitives.estimator.Estimator`` is deprecated as of qiskit 1.2. It will be removed no earlier than 3 months after the release date. All implementations of the `BaseEstimatorV1` interface have been deprecated in favor of their V2 counterparts. The V2 alternative for the `Estimator` class is `StatevectorEstimator`.
  estimator=ReferenceEstimator(),
/home/samritm/tejjan/envs/pl_gpu_env/lib/python3.10/site-packages/pennylane_lightning/lightning_base/_serialize.py:359: ComplexWarning: Casting complex values to real discards the imaginary part
  coeffs = np.array(coeffs).astype(self.rtype)
/home/samritm/tejjan/PL_Pyrene_v2.py:553: DeprecationWarning: The class ``qiskit.primitives.estimator.Estimator`` is deprecated as of qiskit 1.2. It will be removed no earlier than 3 months after the release date. All implementations of the `BaseEstimatorV1` interface have been deprecated in favor of their V2 counterparts. The V2 alternative for the `Estimator` class is `StatevectorEstimator`.
  estimator=ReferenceEstimator(),
/home/samritm/tejjan/envs/pl_gpu_env/lib/python3.10/site-packages/pennylane_lightning/lightning_base/_serialize.py:359: ComplexWarning: Casting complex values to real discards the imaginary part
  coeffs = np.array(coeffs).astype(self.rtype)
/home/samritm/tejjan/PL_Pyrene_v2.py:553: DeprecationWarning: The class ``qiskit.primitives.estimator.Estimator`` is deprecated as of qiskit 1.2. It will be removed no earlier than 3 months after the release date. All implementations of the `BaseEstimatorV1` interface have been deprecated in favor of their V2 counterparts. The V2 alternative for the `Estimator` class is `StatevectorEstimator`.
  estimator=ReferenceEstimator(),
/home/samritm/tejjan/envs/pl_gpu_env/lib/python3.10/site-packages/pennylane_lightning/lightning_base/_serialize.py:359: ComplexWarning: Casting complex values to real discards the imaginary part
  coeffs = np.array(coeffs).astype(self.rtype)
/home/samritm/tejjan/PL_Pyrene_v2.py:553: DeprecationWarning: The class ``qiskit.primitives.estimator.Estimator`` is deprecated as of qiskit 1.2. It will be removed no earlier than 3 months after the release date. All implementations of the `BaseEstimatorV1` interface have been deprecated in favor of their V2 counterparts. The V2 alternative for the `Estimator` class is `StatevectorEstimator`.
  estimator=ReferenceEstimator(),
/home/samritm/tejjan/envs/pl_gpu_env/lib/python3.10/site-packages/pennylane_lightning/lightning_base/_serialize.py:359: ComplexWarning: Casting complex values to real discards the imaginary part
  coeffs = np.array(coeffs).astype(self.rtype)
/home/samritm/tejjan/PL_Pyrene_v2.py:553: DeprecationWarning: The class ``qiskit.primitives.estimator.Estimator`` is deprecated as of qiskit 1.2. It will be removed no earlier than 3 months after the release date. All implementations of the `BaseEstimatorV1` interface have been deprecated in favor of their V2 counterparts. The V2 alternative for the `Estimator` class is `StatevectorEstimator`.
  estimator=ReferenceEstimator(),
/home/samritm/tejjan/envs/pl_gpu_env/lib/python3.10/site-packages/pennylane_lightning/lightning_base/_serialize.py:359: ComplexWarning: Casting complex values to real discards the imaginary part
  coeffs = np.array(coeffs).astype(self.rtype)
/home/samritm/tejjan/PL_Pyrene_v2.py:553: DeprecationWarning: The class ``qiskit.primitives.estimator.Estimator`` is deprecated as of qiskit 1.2. It will be removed no earlier than 3 months after the release date. All implementations of the `BaseEstimatorV1` interface have been deprecated in favor of their V2 counterparts. The V2 alternative for the `Estimator` class is `StatevectorEstimator`.
  estimator=ReferenceEstimator(),
/home/samritm/tejjan/envs/pl_gpu_env/lib/python3.10/site-packages/pennylane_lightning/lightning_base/_serialize.py:359: ComplexWarning: Casting complex values to real discards the imaginary part
  coeffs = np.array(coeffs).astype(self.rtype)
/home/samritm/tejjan/PL_Pyrene_v2.py:553: DeprecationWarning: The class ``qiskit.primitives.estimator.Estimator`` is deprecated as of qiskit 1.2. It will be removed no earlier than 3 months after the release date. All implementations of the `BaseEstimatorV1` interface have been deprecated in favor of their V2 counterparts. The V2 alternative for the `Estimator` class is `StatevectorEstimator`.
  estimator=ReferenceEstimator(),
/home/samritm/tejjan/envs/pl_gpu_env/lib/python3.10/site-packages/pennylane_lightning/lightning_base/_serialize.py:359: ComplexWarning: Casting complex values to real discards the imaginary part
  coeffs = np.array(coeffs).astype(self.rtype)
/home/samritm/tejjan/PL_Pyrene_v2.py:553: DeprecationWarning: The class ``qiskit.primitives.estimator.Estimator`` is deprecated as of qiskit 1.2. It will be removed no earlier than 3 months after the release date. All implementations of the `BaseEstimatorV1` interface have been deprecated in favor of their V2 counterparts. The V2 alternative for the `Estimator` class is `StatevectorEstimator`.
  estimator=ReferenceEstimator(),
/home/samritm/tejjan/envs/pl_gpu_env/lib/python3.10/site-packages/pennylane_lightning/lightning_base/_serialize.py:359: ComplexWarning: Casting complex values to real discards the imaginary part
  coeffs = np.array(coeffs).astype(self.rtype)
/home/samritm/tejjan/PL_Pyrene_v2.py:553: DeprecationWarning: The class ``qiskit.primitives.estimator.Estimator`` is deprecated as of qiskit 1.2. It will be removed no earlier than 3 months after the release date. All implementations of the `BaseEstimatorV1` interface have been deprecated in favor of their V2 counterparts. The V2 alternative for the `Estimator` class is `StatevectorEstimator`.
  estimator=ReferenceEstimator(),
/home/samritm/tejjan/envs/pl_gpu_env/lib/python3.10/site-packages/pennylane_lightning/lightning_base/_serialize.py:359: ComplexWarning: Casting complex values to real discards the imaginary part
  coeffs = np.array(coeffs).astype(self.rtype)
/home/samritm/tejjan/PL_Pyrene_v2.py:553: DeprecationWarning: The class ``qiskit.primitives.estimator.Estimator`` is deprecated as of qiskit 1.2. It will be removed no earlier than 3 months after the release date. All implementations of the `BaseEstimatorV1` interface have been deprecated in favor of their V2 counterparts. The V2 alternative for the `Estimator` class is `StatevectorEstimator`.
  estimator=ReferenceEstimator(),
/home/samritm/tejjan/envs/pl_gpu_env/lib/python3.10/site-packages/pennylane_lightning/lightning_base/_serialize.py:359: ComplexWarning: Casting complex values to real discards the imaginary part
  coeffs = np.array(coeffs).astype(self.rtype)
/home/samritm/tejjan/PL_Pyrene_v2.py:553: DeprecationWarning: The class ``qiskit.primitives.estimator.Estimator`` is deprecated as of qiskit 1.2. It will be removed no earlier than 3 months after the release date. All implementations of the `BaseEstimatorV1` interface have been deprecated in favor of their V2 counterparts. The V2 alternative for the `Estimator` class is `StatevectorEstimator`.
  estimator=ReferenceEstimator(),
/home/samritm/tejjan/envs/pl_gpu_env/lib/python3.10/site-packages/pennylane_lightning/lightning_base/_serialize.py:359: ComplexWarning: Casting complex values to real discards the imaginary part
  coeffs = np.array(coeffs).astype(self.rtype)
/home/samritm/tejjan/PL_Pyrene_v2.py:553: DeprecationWarning: The class ``qiskit.primitives.estimator.Estimator`` is deprecated as of qiskit 1.2. It will be removed no earlier than 3 months after the release date. All implementations of the `BaseEstimatorV1` interface have been deprecated in favor of their V2 counterparts. The V2 alternative for the `Estimator` class is `StatevectorEstimator`.
  estimator=ReferenceEstimator(),
/home/samritm/tejjan/envs/pl_gpu_env/lib/python3.10/site-packages/pennylane_lightning/lightning_base/_serialize.py:359: ComplexWarning: Casting complex values to real discards the imaginary part
  coeffs = np.array(coeffs).astype(self.rtype)
/home/samritm/tejjan/PL_Pyrene_v2.py:553: DeprecationWarning: The class ``qiskit.primitives.estimator.Estimator`` is deprecated as of qiskit 1.2. It will be removed no earlier than 3 months after the release date. All implementations of the `BaseEstimatorV1` interface have been deprecated in favor of their V2 counterparts. The V2 alternative for the `Estimator` class is `StatevectorEstimator`.
  estimator=ReferenceEstimator(),

real	55m22.375s
user	174m41.202s
sys	15m14.943s
